
  .   ____          _            __ _ _
 /\\ / ___'_ __ _ _(_)_ __  __ _ \ \ \ \
( ( )\___ | '_ | '_| | '_ \/ _` | \ \ \ \
 \\/  ___)| |_)| | | | | || (_| |  ) ) ) )
  '  |____| .__|_| |_|_| |_\__, | / / / /
 =========|_|==============|___/=/_/_/_/
 :: Spring Boot ::                (v3.2.0)

21:22:06.587 [main              ] INFO  BatchMigrationApplication              : Starting BatchMigrationApplication v1.0-SNAPSHOT using Java 17.0.15 with PID 12896 (C:\Users\jlsan\Documents\NetBeansProjects\batch-bank-migration\target\batch-migration-1.0-SNAPSHOT.jar started by jlsan in C:\Users\jlsan\Documents\NetBeansProjects\batch-bank-migration)
21:22:06.594 [main              ] INFO  BatchMigrationApplication              : No active profile set, falling back to 1 default profile: "default"
21:22:07.413 [main              ] INFO  RepositoryConfigurationDelegate        : Bootstrapping Spring Data JPA repositories in DEFAULT mode.
21:22:07.441 [main              ] INFO  RepositoryConfigurationDelegate        : Finished Spring Data repository scanning in 15 ms. Found 0 JPA repository interfaces.
21:22:07.811 [main              ] WARN  ationDelegate$BeanPostProcessorChecker : Bean 'org.springframework.boot.autoconfigure.jdbc.DataSourceConfiguration$Hikari' of type [org.springframework.boot.autoconfigure.jdbc.DataSourceConfiguration$Hikari] is not eligible for getting processed by all BeanPostProcessors (for example: not eligible for auto-proxying). Is this bean getting eagerly injected into a currently created BeanPostProcessor [jobRegistryBeanPostProcessor]? Check the corresponding BeanPostProcessor declaration and its dependencies.
21:22:07.842 [main              ] WARN  ationDelegate$BeanPostProcessorChecker : Bean 'spring.datasource-org.springframework.boot.autoconfigure.jdbc.DataSourceProperties' of type [org.springframework.boot.autoconfigure.jdbc.DataSourceProperties] is not eligible for getting processed by all BeanPostProcessors (for example: not eligible for auto-proxying). Is this bean getting eagerly injected into a currently created BeanPostProcessor [jobRegistryBeanPostProcessor]? Check the corresponding BeanPostProcessor declaration and its dependencies.
21:22:07.843 [main              ] WARN  ationDelegate$BeanPostProcessorChecker : Bean 'org.springframework.boot.autoconfigure.jdbc.DataSourceAutoConfiguration$PooledDataSourceConfiguration' of type [org.springframework.boot.autoconfigure.jdbc.DataSourceAutoConfiguration$PooledDataSourceConfiguration] is not eligible for getting processed by all BeanPostProcessors (for example: not eligible for auto-proxying). Is this bean getting eagerly injected into a currently created BeanPostProcessor [jobRegistryBeanPostProcessor]? Check the corresponding BeanPostProcessor declaration and its dependencies.
21:22:07.845 [main              ] WARN  ationDelegate$BeanPostProcessorChecker : Bean 'jdbcConnectionDetails' of type [org.springframework.boot.autoconfigure.jdbc.PropertiesJdbcConnectionDetails] is not eligible for getting processed by all BeanPostProcessors (for example: not eligible for auto-proxying). Is this bean getting eagerly injected into a currently created BeanPostProcessor [jobRegistryBeanPostProcessor]? Check the corresponding BeanPostProcessor declaration and its dependencies.
21:22:07.878 [main              ] WARN  ationDelegate$BeanPostProcessorChecker : Bean 'dataSource' of type [com.zaxxer.hikari.HikariDataSource] is not eligible for getting processed by all BeanPostProcessors (for example: not eligible for auto-proxying). Is this bean getting eagerly injected into a currently created BeanPostProcessor [jobRegistryBeanPostProcessor]? Check the corresponding BeanPostProcessor declaration and its dependencies.
21:22:07.890 [main              ] WARN  ationDelegate$BeanPostProcessorChecker : Bean 'spring.jpa-org.springframework.boot.autoconfigure.orm.jpa.JpaProperties' of type [org.springframework.boot.autoconfigure.orm.jpa.JpaProperties] is not eligible for getting processed by all BeanPostProcessors (for example: not eligible for auto-proxying). Is this bean getting eagerly injected into a currently created BeanPostProcessor [jobRegistryBeanPostProcessor]? Check the corresponding BeanPostProcessor declaration and its dependencies.
21:22:07.893 [main              ] WARN  ationDelegate$BeanPostProcessorChecker : Bean 'spring.jpa.hibernate-org.springframework.boot.autoconfigure.orm.jpa.HibernateProperties' of type [org.springframework.boot.autoconfigure.orm.jpa.HibernateProperties] is not eligible for getting processed by all BeanPostProcessors (for example: not eligible for auto-proxying). Is this bean getting eagerly injected into a currently created BeanPostProcessor [jobRegistryBeanPostProcessor]? Check the corresponding BeanPostProcessor declaration and its dependencies.
21:22:07.897 [main              ] WARN  ationDelegate$BeanPostProcessorChecker : Bean 'org.springframework.boot.autoconfigure.jdbc.metadata.DataSourcePoolMetadataProvidersConfiguration$HikariPoolDataSourceMetadataProviderConfiguration' of type [org.springframework.boot.autoconfigure.jdbc.metadata.DataSourcePoolMetadataProvidersConfiguration$HikariPoolDataSourceMetadataProviderConfiguration] is not eligible for getting processed by all BeanPostProcessors (for example: not eligible for auto-proxying). Is this bean getting eagerly injected into a currently created BeanPostProcessor [jobRegistryBeanPostProcessor]? Check the corresponding BeanPostProcessor declaration and its dependencies.
21:22:07.899 [main              ] WARN  ationDelegate$BeanPostProcessorChecker : Bean 'hikariPoolDataSourceMetadataProvider' of type [org.springframework.boot.autoconfigure.jdbc.metadata.DataSourcePoolMetadataProvidersConfiguration$HikariPoolDataSourceMetadataProviderConfiguration$$Lambda$441/0x000001cb36234a78] is not eligible for getting processed by all BeanPostProcessors (for example: not eligible for auto-proxying). Is this bean getting eagerly injected into a currently created BeanPostProcessor [jobRegistryBeanPostProcessor]? Check the corresponding BeanPostProcessor declaration and its dependencies.
21:22:07.905 [main              ] WARN  ationDelegate$BeanPostProcessorChecker : Bean 'org.springframework.boot.autoconfigure.orm.jpa.HibernateJpaConfiguration' of type [org.springframework.boot.autoconfigure.orm.jpa.HibernateJpaConfiguration] is not eligible for getting processed by all BeanPostProcessors (for example: not eligible for auto-proxying). Is this bean getting eagerly injected into a currently created BeanPostProcessor [jobRegistryBeanPostProcessor]? Check the corresponding BeanPostProcessor declaration and its dependencies.
21:22:07.912 [main              ] WARN  ationDelegate$BeanPostProcessorChecker : Bean 'org.springframework.boot.autoconfigure.transaction.TransactionManagerCustomizationAutoConfiguration' of type [org.springframework.boot.autoconfigure.transaction.TransactionManagerCustomizationAutoConfiguration] is not eligible for getting processed by all BeanPostProcessors (for example: not eligible for auto-proxying). Is this bean getting eagerly injected into a currently created BeanPostProcessor [jobRegistryBeanPostProcessor]? Check the corresponding BeanPostProcessor declaration and its dependencies.
21:22:07.917 [main              ] WARN  ationDelegate$BeanPostProcessorChecker : Bean 'transactionExecutionListeners' of type [org.springframework.boot.autoconfigure.transaction.ExecutionListenersTransactionManagerCustomizer] is not eligible for getting processed by all BeanPostProcessors (for example: not eligible for auto-proxying). Is this bean getting eagerly injected into a currently created BeanPostProcessor [jobRegistryBeanPostProcessor]? Check the corresponding BeanPostProcessor declaration and its dependencies.
21:22:07.921 [main              ] WARN  ationDelegate$BeanPostProcessorChecker : Bean 'spring.transaction-org.springframework.boot.autoconfigure.transaction.TransactionProperties' of type [org.springframework.boot.autoconfigure.transaction.TransactionProperties] is not eligible for getting processed by all BeanPostProcessors (for example: not eligible for auto-proxying). Is this bean getting eagerly injected into a currently created BeanPostProcessor [jobRegistryBeanPostProcessor]? Check the corresponding BeanPostProcessor declaration and its dependencies.
21:22:07.921 [main              ] WARN  ationDelegate$BeanPostProcessorChecker : Bean 'platformTransactionManagerCustomizers' of type [org.springframework.boot.autoconfigure.transaction.TransactionManagerCustomizers] is not eligible for getting processed by all BeanPostProcessors (for example: not eligible for auto-proxying). Is this bean getting eagerly injected into a currently created BeanPostProcessor [jobRegistryBeanPostProcessor]? Check the corresponding BeanPostProcessor declaration and its dependencies.
21:22:07.936 [main              ] WARN  ationDelegate$BeanPostProcessorChecker : Bean 'org.springframework.boot.autoconfigure.sql.init.DataSourceInitializationConfiguration' of type [org.springframework.boot.autoconfigure.sql.init.DataSourceInitializationConfiguration] is not eligible for getting processed by all BeanPostProcessors (for example: not eligible for auto-proxying). Is this bean getting eagerly injected into a currently created BeanPostProcessor [jobRegistryBeanPostProcessor]? Check the corresponding BeanPostProcessor declaration and its dependencies.
21:22:07.939 [main              ] WARN  ationDelegate$BeanPostProcessorChecker : Bean 'spring.sql.init-org.springframework.boot.autoconfigure.sql.init.SqlInitializationProperties' of type [org.springframework.boot.autoconfigure.sql.init.SqlInitializationProperties] is not eligible for getting processed by all BeanPostProcessors (for example: not eligible for auto-proxying). Is this bean getting eagerly injected into a currently created BeanPostProcessor [jobRegistryBeanPostProcessor]? Check the corresponding BeanPostProcessor declaration and its dependencies.
21:22:07.944 [main              ] WARN  ationDelegate$BeanPostProcessorChecker : Bean 'dataSourceScriptDatabaseInitializer' of type [org.springframework.boot.autoconfigure.sql.init.SqlDataSourceScriptDatabaseInitializer] is not eligible for getting processed by all BeanPostProcessors (for example: not eligible for auto-proxying). Is this bean getting eagerly injected into a currently created BeanPostProcessor [jobRegistryBeanPostProcessor]? Check the corresponding BeanPostProcessor declaration and its dependencies.
21:22:07.945 [main              ] WARN  ationDelegate$BeanPostProcessorChecker : Bean 'org.springframework.boot.autoconfigure.batch.BatchAutoConfiguration$DataSourceInitializerConfiguration' of type [org.springframework.boot.autoconfigure.batch.BatchAutoConfiguration$DataSourceInitializerConfiguration] is not eligible for getting processed by all BeanPostProcessors (for example: not eligible for auto-proxying). Is this bean getting eagerly injected into a currently created BeanPostProcessor [jobRegistryBeanPostProcessor]? Check the corresponding BeanPostProcessor declaration and its dependencies.
21:22:07.952 [main              ] WARN  ationDelegate$BeanPostProcessorChecker : Bean 'spring.batch-org.springframework.boot.autoconfigure.batch.BatchProperties' of type [org.springframework.boot.autoconfigure.batch.BatchProperties] is not eligible for getting processed by all BeanPostProcessors (for example: not eligible for auto-proxying). Is this bean getting eagerly injected into a currently created BeanPostProcessor [jobRegistryBeanPostProcessor]? Check the corresponding BeanPostProcessor declaration and its dependencies.
21:22:07.964 [main              ] INFO  HikariDataSource                       : HikariPool-1 - Starting...
21:22:08.401 [main              ] INFO  HikariPool                             : HikariPool-1 - Added connection org.postgresql.jdbc.PgConnection@66213a0d
21:22:08.402 [main              ] INFO  HikariDataSource                       : HikariPool-1 - Start completed.
21:22:08.442 [main              ] WARN  ationDelegate$BeanPostProcessorChecker : Bean 'batchDataSourceInitializer' of type [org.springframework.boot.autoconfigure.batch.BatchDataSourceScriptDatabaseInitializer] is not eligible for getting processed by all BeanPostProcessors (for example: not eligible for auto-proxying). Is this bean getting eagerly injected into a currently created BeanPostProcessor [jobRegistryBeanPostProcessor]? Check the corresponding BeanPostProcessor declaration and its dependencies.
21:22:08.465 [main              ] WARN  ationDelegate$BeanPostProcessorChecker : Bean 'jpaVendorAdapter' of type [org.springframework.orm.jpa.vendor.HibernateJpaVendorAdapter] is not eligible for getting processed by all BeanPostProcessors (for example: not eligible for auto-proxying). Is this bean getting eagerly injected into a currently created BeanPostProcessor [jobRegistryBeanPostProcessor]? Check the corresponding BeanPostProcessor declaration and its dependencies.
21:22:08.468 [main              ] WARN  ationDelegate$BeanPostProcessorChecker : Bean 'entityManagerFactoryBuilder' of type [org.springframework.boot.orm.jpa.EntityManagerFactoryBuilder] is not eligible for getting processed by all BeanPostProcessors (for example: not eligible for auto-proxying). Is this bean getting eagerly injected into a currently created BeanPostProcessor [jobRegistryBeanPostProcessor]? Check the corresponding BeanPostProcessor declaration and its dependencies.
21:22:08.478 [main              ] WARN  ationDelegate$BeanPostProcessorChecker : Bean 'persistenceManagedTypes' of type [org.springframework.orm.jpa.persistenceunit.SimplePersistenceManagedTypes] is not eligible for getting processed by all BeanPostProcessors (for example: not eligible for auto-proxying). Is this bean getting eagerly injected into a currently created BeanPostProcessor [jobRegistryBeanPostProcessor]? Check the corresponding BeanPostProcessor declaration and its dependencies.
21:22:08.538 [main              ] INFO  LogHelper                              : HHH000204: Processing PersistenceUnitInfo [name: default]
21:22:08.651 [main              ] INFO  Version                                : HHH000412: Hibernate ORM core version 6.3.1.Final
21:22:08.730 [main              ] INFO  RegionFactoryInitiator                 : HHH000026: Second-level cache disabled
21:22:09.125 [main              ] INFO  SpringPersistenceUnitInfo              : No LoadTimeWeaver setup: ignoring JPA class transformer
21:22:10.419 [main              ] INFO  JtaPlatformInitiator                   : HHH000489: No JTA platform available (set 'hibernate.transaction.jta.platform' to enable JTA platform integration)
21:22:10.493 [main              ] INFO  LocalContainerEntityManagerFactoryBean : Initialized JPA EntityManagerFactory for persistence unit 'default'
21:22:10.496 [main              ] WARN  ationDelegate$BeanPostProcessorChecker : Bean 'entityManagerFactory' of type [org.springframework.orm.jpa.LocalContainerEntityManagerFactoryBean] is not eligible for getting processed by all BeanPostProcessors (for example: not eligible for auto-proxying). Is this bean getting eagerly injected into a currently created BeanPostProcessor [jobRegistryBeanPostProcessor]? Check the corresponding BeanPostProcessor declaration and its dependencies.
21:22:10.496 [main              ] WARN  ationDelegate$BeanPostProcessorChecker : Bean 'entityManagerFactory' of type [jdk.proxy2.$Proxy88] is not eligible for getting processed by all BeanPostProcessors (for example: not eligible for auto-proxying). Is this bean getting eagerly injected into a currently created BeanPostProcessor [jobRegistryBeanPostProcessor]? Check the corresponding BeanPostProcessor declaration and its dependencies.
21:22:10.499 [main              ] WARN  ationDelegate$BeanPostProcessorChecker : Bean 'transactionManager' of type [org.springframework.orm.jpa.JpaTransactionManager] is not eligible for getting processed by all BeanPostProcessors (for example: not eligible for auto-proxying). Is this bean getting eagerly injected into a currently created BeanPostProcessor [jobRegistryBeanPostProcessor]? Check the corresponding BeanPostProcessor declaration and its dependencies.
21:22:10.504 [main              ] WARN  ationDelegate$BeanPostProcessorChecker : Bean 'org.springframework.boot.autoconfigure.batch.BatchAutoConfiguration$SpringBootBatchConfiguration' of type [org.springframework.boot.autoconfigure.batch.BatchAutoConfiguration$SpringBootBatchConfiguration] is not eligible for getting processed by all BeanPostProcessors (for example: not eligible for auto-proxying). The currently created BeanPostProcessor [jobRegistryBeanPostProcessor] is declared through a non-static factory method on that class; consider declaring it as static instead.
21:22:10.705 [main              ] INFO  EscaladoConfig                         : Pool de particiones: core=4 max=8 cola=16 | particiones configuradas=1
21:22:10.926 [main              ] INFO  BatchMigrationApplication              : Started BatchMigrationApplication in 5.081 seconds (process running for 5.884)
21:22:11.037 [main              ] INFO  SimpleJobLauncher                      : Job: [SimpleJob: [name=jobReporteTransaccionesDiarias]] launched with the following parameters: [{'particiones':'{value=1, type=class java.lang.Long, identifying=true}','chunkSize':'{value=50, type=class java.lang.Long, identifying=true}','ejecucion':'{value=1789435330930, type=class java.lang.Long, identifying=true}'}]
21:22:11.065 [main              ] INFO  MetricasJobListener                    : ================================================================================================
21:22:11.065 [main              ] INFO  MetricasJobListener                    : INICIO JOB: jobReporteTransaccionesDiarias  | parametros: {'particiones':'{value=1, type=class java.lang.Long, identifying=true}','chunkSize':'{value=50, type=class java.lang.Long, identifying=true}','ejecucion':'{value=1789435330930, type=class java.lang.Long, identifying=true}'}
21:22:11.065 [main              ] INFO  MetricasJobListener                    : ================================================================================================
21:22:11.088 [main              ] INFO  SimpleStepHandler                      : Executing step: [stepLimpiarErroresTransacciones]
21:22:11.106 [main              ] INFO  LimpiezaTasklet                        : Limpieza previa: 0 filas eliminadas de (ninguna tabla de detalle) y 430 errores previos de jobReporteTransaccionesDiarias.
21:22:11.115 [main              ] INFO  AbstractStep                           : Step: [stepLimpiarErroresTransacciones] executed in 26ms
21:22:11.125 [main              ] INFO  SimpleStepHandler                      : Executing step: [stepCargaTransaccionesMaestro]
21:22:11.133 [main              ] INFO  RangoLineasPartitioner                 : particion-0 -> salta 1 lineas y procesa 1000 filas de transacciones.csv
21:22:12.407 [particion-1       ] INFO  AbstractStep                           : Step: [stepCargaTransacciones:particion-0] executed in 1s260ms
21:22:12.409 [main              ] INFO  AbstractStep                           : Step: [stepCargaTransaccionesMaestro] executed in 1s282ms
21:22:12.416 [main              ] INFO  SimpleStepHandler                      : Executing step: [stepResumenDiario]
21:22:12.434 [main              ] INFO  AgregacionTasklet                      : Resumen diario de transacciones: se eliminaron 322 filas previas y se generaron 322 filas de resumen.
21:22:12.439 [main              ] INFO  AbstractStep                           : Step: [stepResumenDiario] executed in 22ms
21:22:12.442 [main              ] INFO  MetricasJobListener                    : ================================================================================================
21:22:12.442 [main              ] INFO  MetricasJobListener                    : FIN JOB: jobReporteTransaccionesDiarias  | estado: COMPLETED  | duracion: 1386 ms
21:22:12.442 [main              ] INFO  MetricasJobListener                    : ------------------------------------------------------------------------------------------------
21:22:12.442 [main              ] INFO  MetricasJobListener                    : STEP                                 LEIDAS ESCRITAS   SKIP-L   SKIP-P   SKIP-E
21:22:12.443 [main              ] INFO  MetricasJobListener                    : stepCargaTransacciones:particion-0     1000      785        0      215        0
21:22:12.443 [main              ] INFO  MetricasJobListener                    : stepCargaTransaccionesMaestro          1000      785        0      215        0
21:22:12.444 [main              ] INFO  MetricasJobListener                    : stepLimpiarErroresTransacciones           0        0        0        0        0
21:22:12.444 [main              ] INFO  MetricasJobListener                    : stepResumenDiario                         0      322        0        0        0
21:22:12.444 [main              ] INFO  MetricasJobListener                    : ------------------------------------------------------------------------------------------------
21:22:12.444 [main              ] INFO  MetricasJobListener                    : TOTAL leidas=1000  escritas=1107  descartadas=215  (steps ejecutados: 4)
21:22:12.444 [main              ] INFO  MetricasJobListener                    : ================================================================================================
21:22:12.446 [main              ] INFO  SimpleJobLauncher                      : Job: [SimpleJob: [name=jobReporteTransaccionesDiarias]] completed with the following parameters: [{'particiones':'{value=1, type=class java.lang.Long, identifying=true}','chunkSize':'{value=50, type=class java.lang.Long, identifying=true}','ejecucion':'{value=1789435330930, type=class java.lang.Long, identifying=true}'}] and the following status: [COMPLETED] in 1s386ms
21:22:12.451 [main              ] INFO  SimpleJobLauncher                      : Job: [SimpleJob: [name=jobCalculoInteresesMensuales]] launched with the following parameters: [{'particiones':'{value=1, type=class java.lang.Long, identifying=true}','chunkSize':'{value=50, type=class java.lang.Long, identifying=true}','ejecucion':'{value=1789435332446, type=class java.lang.Long, identifying=true}'}]
21:22:12.452 [main              ] INFO  MetricasJobListener                    : ================================================================================================
21:22:12.452 [main              ] INFO  MetricasJobListener                    : INICIO JOB: jobCalculoInteresesMensuales  | parametros: {'particiones':'{value=1, type=class java.lang.Long, identifying=true}','chunkSize':'{value=50, type=class java.lang.Long, identifying=true}','ejecucion':'{value=1789435332446, type=class java.lang.Long, identifying=true}'}
21:22:12.452 [main              ] INFO  MetricasJobListener                    : ================================================================================================
21:22:12.455 [main              ] INFO  SimpleStepHandler                      : Executing step: [stepLimpiarIntereses]
21:22:12.461 [main              ] INFO  LimpiezaTasklet                        : Limpieza previa: 526 filas eliminadas de intereses_calculados y 474 errores previos de jobCalculoInteresesMensuales.
21:22:12.465 [main              ] INFO  AbstractStep                           : Step: [stepLimpiarIntereses] executed in 8ms
21:22:12.469 [main              ] INFO  SimpleStepHandler                      : Executing step: [stepCargaInteresesMaestro]
21:22:12.471 [main              ] INFO  RangoLineasPartitioner                 : particion-0 -> salta 1 lineas y procesa 1000 filas de intereses.csv
21:22:13.235 [particion-2       ] INFO  AbstractStep                           : Step: [stepCargaIntereses:particion-0] executed in 761ms
21:22:13.237 [main              ] INFO  AbstractStep                           : Step: [stepCargaInteresesMaestro] executed in 768ms
21:22:13.242 [main              ] INFO  SimpleStepHandler                      : Executing step: [stepActualizarCuentas]
21:22:13.248 [main              ] INFO  AgregacionTasklet                      : Consolidacion de saldos por cuenta: se eliminaron 50 filas previas y se generaron 50 filas de resumen.
21:22:13.250 [main              ] INFO  AbstractStep                           : Step: [stepActualizarCuentas] executed in 7ms
21:22:13.252 [main              ] INFO  MetricasJobListener                    : ================================================================================================
21:22:13.252 [main              ] INFO  MetricasJobListener                    : FIN JOB: jobCalculoInteresesMensuales  | estado: COMPLETED  | duracion: 801 ms
21:22:13.252 [main              ] INFO  MetricasJobListener                    : ------------------------------------------------------------------------------------------------
21:22:13.252 [main              ] INFO  MetricasJobListener                    : STEP                                 LEIDAS ESCRITAS   SKIP-L   SKIP-P   SKIP-E
21:22:13.253 [main              ] INFO  MetricasJobListener                    : stepActualizarCuentas                     0       50        0        0        0
21:22:13.253 [main              ] INFO  MetricasJobListener                    : stepCargaIntereses:particion-0         1000      526        0      474        0
21:22:13.253 [main              ] INFO  MetricasJobListener                    : stepCargaInteresesMaestro              1000      526        0      474        0
21:22:13.253 [main              ] INFO  MetricasJobListener                    : stepLimpiarIntereses                      0        0        0        0        0
21:22:13.253 [main              ] INFO  MetricasJobListener                    : ------------------------------------------------------------------------------------------------
21:22:13.253 [main              ] INFO  MetricasJobListener                    : TOTAL leidas=1000  escritas=576  descartadas=474  (steps ejecutados: 4)
21:22:13.253 [main              ] INFO  MetricasJobListener                    : ================================================================================================
21:22:13.257 [main              ] INFO  SimpleJobLauncher                      : Job: [SimpleJob: [name=jobCalculoInteresesMensuales]] completed with the following parameters: [{'particiones':'{value=1, type=class java.lang.Long, identifying=true}','chunkSize':'{value=50, type=class java.lang.Long, identifying=true}','ejecucion':'{value=1789435332446, type=class java.lang.Long, identifying=true}'}] and the following status: [COMPLETED] in 801ms
21:22:13.262 [main              ] INFO  SimpleJobLauncher                      : Job: [SimpleJob: [name=jobEstadosCuentaAnuales]] launched with the following parameters: [{'particiones':'{value=1, type=class java.lang.Long, identifying=true}','chunkSize':'{value=50, type=class java.lang.Long, identifying=true}','ejecucion':'{value=1789435333257, type=class java.lang.Long, identifying=true}'}]
21:22:13.263 [main              ] INFO  MetricasJobListener                    : ================================================================================================
21:22:13.264 [main              ] INFO  MetricasJobListener                    : INICIO JOB: jobEstadosCuentaAnuales  | parametros: {'particiones':'{value=1, type=class java.lang.Long, identifying=true}','chunkSize':'{value=50, type=class java.lang.Long, identifying=true}','ejecucion':'{value=1789435333257, type=class java.lang.Long, identifying=true}'}
21:22:13.264 [main              ] INFO  MetricasJobListener                    : ================================================================================================
21:22:13.267 [main              ] INFO  SimpleStepHandler                      : Executing step: [stepLimpiarMovimientos]
21:22:13.272 [main              ] INFO  LimpiezaTasklet                        : Limpieza previa: 952 filas eliminadas de movimientos_anuales y 48 errores previos de jobEstadosCuentaAnuales.
21:22:13.277 [main              ] INFO  AbstractStep                           : Step: [stepLimpiarMovimientos] executed in 10ms
21:22:13.282 [main              ] INFO  SimpleStepHandler                      : Executing step: [stepCargaMovimientosMaestro]
21:22:13.286 [main              ] INFO  RangoLineasPartitioner                 : particion-0 -> salta 1 lineas y procesa 1000 filas de cuentas_anuales.csv
21:22:13.843 [particion-3       ] INFO  AbstractStep                           : Step: [stepCargaMovimientos:particion-0] executed in 554ms
21:22:13.845 [main              ] INFO  AbstractStep                           : Step: [stepCargaMovimientosMaestro] executed in 563ms
21:22:13.850 [main              ] INFO  SimpleStepHandler                      : Executing step: [stepEstadoCuentaAnual]
21:22:13.857 [main              ] INFO  AgregacionTasklet                      : Estados de cuenta anuales: se eliminaron 20 filas previas y se generaron 20 filas de resumen.
21:22:13.859 [main              ] INFO  AbstractStep                           : Step: [stepEstadoCuentaAnual] executed in 9ms
21:22:13.861 [main              ] INFO  MetricasJobListener                    : ================================================================================================
21:22:13.862 [main              ] INFO  MetricasJobListener                    : FIN JOB: jobEstadosCuentaAnuales  | estado: COMPLETED  | duracion: 599 ms
21:22:13.862 [main              ] INFO  MetricasJobListener                    : ------------------------------------------------------------------------------------------------
21:22:13.862 [main              ] INFO  MetricasJobListener                    : STEP                                 LEIDAS ESCRITAS   SKIP-L   SKIP-P   SKIP-E
21:22:13.862 [main              ] INFO  MetricasJobListener                    : stepCargaMovimientos:particion-0       1000      952        0       48        0
21:22:13.862 [main              ] INFO  MetricasJobListener                    : stepCargaMovimientosMaestro            1000      952        0       48        0
21:22:13.862 [main              ] INFO  MetricasJobListener                    : stepEstadoCuentaAnual                     0       20        0        0        0
21:22:13.862 [main              ] INFO  MetricasJobListener                    : stepLimpiarMovimientos                    0        0        0        0        0
21:22:13.862 [main              ] INFO  MetricasJobListener                    : ------------------------------------------------------------------------------------------------
21:22:13.862 [main              ] INFO  MetricasJobListener                    : TOTAL leidas=1000  escritas=972  descartadas=48  (steps ejecutados: 4)
21:22:13.863 [main              ] INFO  MetricasJobListener                    : ================================================================================================
21:22:13.864 [main              ] INFO  SimpleJobLauncher                      : Job: [SimpleJob: [name=jobEstadosCuentaAnuales]] completed with the following parameters: [{'particiones':'{value=1, type=class java.lang.Long, identifying=true}','chunkSize':'{value=50, type=class java.lang.Long, identifying=true}','ejecucion':'{value=1789435333257, type=class java.lang.Long, identifying=true}'}] and the following status: [COMPLETED] in 599ms
21:22:13.873 [main              ] INFO  LocalContainerEntityManagerFactoryBean : Closing JPA EntityManagerFactory for persistence unit 'default'
21:22:13.876 [main              ] INFO  HikariDataSource                       : HikariPool-1 - Shutdown initiated...
21:22:13.878 [main              ] INFO  HikariDataSource                       : HikariPool-1 - Shutdown completed.
