
  .   ____          _            __ _ _
 /\\ / ___'_ __ _ _(_)_ __  __ _ \ \ \ \
( ( )\___ | '_ | '_| | '_ \/ _` | \ \ \ \
 \\/  ___)| |_)| | | | | || (_| |  ) ) ) )
  '  |____| .__|_| |_|_| |_\__, | / / / /
 =========|_|==============|___/=/_/_/_/
 :: Spring Boot ::                (v3.2.0)

21:22:15.311 [main              ] INFO  BatchMigrationApplication              : Starting BatchMigrationApplication v1.0-SNAPSHOT using Java 17.0.15 with PID 25584 (C:\Users\jlsan\Documents\NetBeansProjects\batch-bank-migration\target\batch-migration-1.0-SNAPSHOT.jar started by jlsan in C:\Users\jlsan\Documents\NetBeansProjects\batch-bank-migration)
21:22:15.320 [main              ] INFO  BatchMigrationApplication              : No active profile set, falling back to 1 default profile: "default"
21:22:15.997 [main              ] INFO  RepositoryConfigurationDelegate        : Bootstrapping Spring Data JPA repositories in DEFAULT mode.
21:22:16.033 [main              ] INFO  RepositoryConfigurationDelegate        : Finished Spring Data repository scanning in 21 ms. Found 0 JPA repository interfaces.
21:22:16.463 [main              ] WARN  ationDelegate$BeanPostProcessorChecker : Bean 'org.springframework.boot.autoconfigure.jdbc.DataSourceConfiguration$Hikari' of type [org.springframework.boot.autoconfigure.jdbc.DataSourceConfiguration$Hikari] is not eligible for getting processed by all BeanPostProcessors (for example: not eligible for auto-proxying). Is this bean getting eagerly injected into a currently created BeanPostProcessor [jobRegistryBeanPostProcessor]? Check the corresponding BeanPostProcessor declaration and its dependencies.
21:22:16.496 [main              ] WARN  ationDelegate$BeanPostProcessorChecker : Bean 'spring.datasource-org.springframework.boot.autoconfigure.jdbc.DataSourceProperties' of type [org.springframework.boot.autoconfigure.jdbc.DataSourceProperties] is not eligible for getting processed by all BeanPostProcessors (for example: not eligible for auto-proxying). Is this bean getting eagerly injected into a currently created BeanPostProcessor [jobRegistryBeanPostProcessor]? Check the corresponding BeanPostProcessor declaration and its dependencies.
21:22:16.499 [main              ] WARN  ationDelegate$BeanPostProcessorChecker : Bean 'org.springframework.boot.autoconfigure.jdbc.DataSourceAutoConfiguration$PooledDataSourceConfiguration' of type [org.springframework.boot.autoconfigure.jdbc.DataSourceAutoConfiguration$PooledDataSourceConfiguration] is not eligible for getting processed by all BeanPostProcessors (for example: not eligible for auto-proxying). Is this bean getting eagerly injected into a currently created BeanPostProcessor [jobRegistryBeanPostProcessor]? Check the corresponding BeanPostProcessor declaration and its dependencies.
21:22:16.500 [main              ] WARN  ationDelegate$BeanPostProcessorChecker : Bean 'jdbcConnectionDetails' of type [org.springframework.boot.autoconfigure.jdbc.PropertiesJdbcConnectionDetails] is not eligible for getting processed by all BeanPostProcessors (for example: not eligible for auto-proxying). Is this bean getting eagerly injected into a currently created BeanPostProcessor [jobRegistryBeanPostProcessor]? Check the corresponding BeanPostProcessor declaration and its dependencies.
21:22:16.537 [main              ] WARN  ationDelegate$BeanPostProcessorChecker : Bean 'dataSource' of type [com.zaxxer.hikari.HikariDataSource] is not eligible for getting processed by all BeanPostProcessors (for example: not eligible for auto-proxying). Is this bean getting eagerly injected into a currently created BeanPostProcessor [jobRegistryBeanPostProcessor]? Check the corresponding BeanPostProcessor declaration and its dependencies.
21:22:16.548 [main              ] WARN  ationDelegate$BeanPostProcessorChecker : Bean 'spring.jpa-org.springframework.boot.autoconfigure.orm.jpa.JpaProperties' of type [org.springframework.boot.autoconfigure.orm.jpa.JpaProperties] is not eligible for getting processed by all BeanPostProcessors (for example: not eligible for auto-proxying). Is this bean getting eagerly injected into a currently created BeanPostProcessor [jobRegistryBeanPostProcessor]? Check the corresponding BeanPostProcessor declaration and its dependencies.
21:22:16.551 [main              ] WARN  ationDelegate$BeanPostProcessorChecker : Bean 'spring.jpa.hibernate-org.springframework.boot.autoconfigure.orm.jpa.HibernateProperties' of type [org.springframework.boot.autoconfigure.orm.jpa.HibernateProperties] is not eligible for getting processed by all BeanPostProcessors (for example: not eligible for auto-proxying). Is this bean getting eagerly injected into a currently created BeanPostProcessor [jobRegistryBeanPostProcessor]? Check the corresponding BeanPostProcessor declaration and its dependencies.
21:22:16.556 [main              ] WARN  ationDelegate$BeanPostProcessorChecker : Bean 'org.springframework.boot.autoconfigure.jdbc.metadata.DataSourcePoolMetadataProvidersConfiguration$HikariPoolDataSourceMetadataProviderConfiguration' of type [org.springframework.boot.autoconfigure.jdbc.metadata.DataSourcePoolMetadataProvidersConfiguration$HikariPoolDataSourceMetadataProviderConfiguration] is not eligible for getting processed by all BeanPostProcessors (for example: not eligible for auto-proxying). Is this bean getting eagerly injected into a currently created BeanPostProcessor [jobRegistryBeanPostProcessor]? Check the corresponding BeanPostProcessor declaration and its dependencies.
21:22:16.558 [main              ] WARN  ationDelegate$BeanPostProcessorChecker : Bean 'hikariPoolDataSourceMetadataProvider' of type [org.springframework.boot.autoconfigure.jdbc.metadata.DataSourcePoolMetadataProvidersConfiguration$HikariPoolDataSourceMetadataProviderConfiguration$$Lambda$441/0x000001f6d6234a78] is not eligible for getting processed by all BeanPostProcessors (for example: not eligible for auto-proxying). Is this bean getting eagerly injected into a currently created BeanPostProcessor [jobRegistryBeanPostProcessor]? Check the corresponding BeanPostProcessor declaration and its dependencies.
21:22:16.563 [main              ] WARN  ationDelegate$BeanPostProcessorChecker : Bean 'org.springframework.boot.autoconfigure.orm.jpa.HibernateJpaConfiguration' of type [org.springframework.boot.autoconfigure.orm.jpa.HibernateJpaConfiguration] is not eligible for getting processed by all BeanPostProcessors (for example: not eligible for auto-proxying). Is this bean getting eagerly injected into a currently created BeanPostProcessor [jobRegistryBeanPostProcessor]? Check the corresponding BeanPostProcessor declaration and its dependencies.
21:22:16.570 [main              ] WARN  ationDelegate$BeanPostProcessorChecker : Bean 'org.springframework.boot.autoconfigure.transaction.TransactionManagerCustomizationAutoConfiguration' of type [org.springframework.boot.autoconfigure.transaction.TransactionManagerCustomizationAutoConfiguration] is not eligible for getting processed by all BeanPostProcessors (for example: not eligible for auto-proxying). Is this bean getting eagerly injected into a currently created BeanPostProcessor [jobRegistryBeanPostProcessor]? Check the corresponding BeanPostProcessor declaration and its dependencies.
21:22:16.576 [main              ] WARN  ationDelegate$BeanPostProcessorChecker : Bean 'transactionExecutionListeners' of type [org.springframework.boot.autoconfigure.transaction.ExecutionListenersTransactionManagerCustomizer] is not eligible for getting processed by all BeanPostProcessors (for example: not eligible for auto-proxying). Is this bean getting eagerly injected into a currently created BeanPostProcessor [jobRegistryBeanPostProcessor]? Check the corresponding BeanPostProcessor declaration and its dependencies.
21:22:16.580 [main              ] WARN  ationDelegate$BeanPostProcessorChecker : Bean 'spring.transaction-org.springframework.boot.autoconfigure.transaction.TransactionProperties' of type [org.springframework.boot.autoconfigure.transaction.TransactionProperties] is not eligible for getting processed by all BeanPostProcessors (for example: not eligible for auto-proxying). Is this bean getting eagerly injected into a currently created BeanPostProcessor [jobRegistryBeanPostProcessor]? Check the corresponding BeanPostProcessor declaration and its dependencies.
21:22:16.581 [main              ] WARN  ationDelegate$BeanPostProcessorChecker : Bean 'platformTransactionManagerCustomizers' of type [org.springframework.boot.autoconfigure.transaction.TransactionManagerCustomizers] is not eligible for getting processed by all BeanPostProcessors (for example: not eligible for auto-proxying). Is this bean getting eagerly injected into a currently created BeanPostProcessor [jobRegistryBeanPostProcessor]? Check the corresponding BeanPostProcessor declaration and its dependencies.
21:22:16.610 [main              ] WARN  ationDelegate$BeanPostProcessorChecker : Bean 'org.springframework.boot.autoconfigure.sql.init.DataSourceInitializationConfiguration' of type [org.springframework.boot.autoconfigure.sql.init.DataSourceInitializationConfiguration] is not eligible for getting processed by all BeanPostProcessors (for example: not eligible for auto-proxying). Is this bean getting eagerly injected into a currently created BeanPostProcessor [jobRegistryBeanPostProcessor]? Check the corresponding BeanPostProcessor declaration and its dependencies.
21:22:16.614 [main              ] WARN  ationDelegate$BeanPostProcessorChecker : Bean 'spring.sql.init-org.springframework.boot.autoconfigure.sql.init.SqlInitializationProperties' of type [org.springframework.boot.autoconfigure.sql.init.SqlInitializationProperties] is not eligible for getting processed by all BeanPostProcessors (for example: not eligible for auto-proxying). Is this bean getting eagerly injected into a currently created BeanPostProcessor [jobRegistryBeanPostProcessor]? Check the corresponding BeanPostProcessor declaration and its dependencies.
21:22:16.622 [main              ] WARN  ationDelegate$BeanPostProcessorChecker : Bean 'dataSourceScriptDatabaseInitializer' of type [org.springframework.boot.autoconfigure.sql.init.SqlDataSourceScriptDatabaseInitializer] is not eligible for getting processed by all BeanPostProcessors (for example: not eligible for auto-proxying). Is this bean getting eagerly injected into a currently created BeanPostProcessor [jobRegistryBeanPostProcessor]? Check the corresponding BeanPostProcessor declaration and its dependencies.
21:22:16.623 [main              ] WARN  ationDelegate$BeanPostProcessorChecker : Bean 'org.springframework.boot.autoconfigure.batch.BatchAutoConfiguration$DataSourceInitializerConfiguration' of type [org.springframework.boot.autoconfigure.batch.BatchAutoConfiguration$DataSourceInitializerConfiguration] is not eligible for getting processed by all BeanPostProcessors (for example: not eligible for auto-proxying). Is this bean getting eagerly injected into a currently created BeanPostProcessor [jobRegistryBeanPostProcessor]? Check the corresponding BeanPostProcessor declaration and its dependencies.
21:22:16.631 [main              ] WARN  ationDelegate$BeanPostProcessorChecker : Bean 'spring.batch-org.springframework.boot.autoconfigure.batch.BatchProperties' of type [org.springframework.boot.autoconfigure.batch.BatchProperties] is not eligible for getting processed by all BeanPostProcessors (for example: not eligible for auto-proxying). Is this bean getting eagerly injected into a currently created BeanPostProcessor [jobRegistryBeanPostProcessor]? Check the corresponding BeanPostProcessor declaration and its dependencies.
21:22:16.654 [main              ] INFO  HikariDataSource                       : HikariPool-1 - Starting...
21:22:17.439 [main              ] INFO  HikariPool                             : HikariPool-1 - Added connection org.postgresql.jdbc.PgConnection@6438a7fe
21:22:17.441 [main              ] INFO  HikariDataSource                       : HikariPool-1 - Start completed.
21:22:17.489 [main              ] WARN  ationDelegate$BeanPostProcessorChecker : Bean 'batchDataSourceInitializer' of type [org.springframework.boot.autoconfigure.batch.BatchDataSourceScriptDatabaseInitializer] is not eligible for getting processed by all BeanPostProcessors (for example: not eligible for auto-proxying). Is this bean getting eagerly injected into a currently created BeanPostProcessor [jobRegistryBeanPostProcessor]? Check the corresponding BeanPostProcessor declaration and its dependencies.
21:22:17.509 [main              ] WARN  ationDelegate$BeanPostProcessorChecker : Bean 'jpaVendorAdapter' of type [org.springframework.orm.jpa.vendor.HibernateJpaVendorAdapter] is not eligible for getting processed by all BeanPostProcessors (for example: not eligible for auto-proxying). Is this bean getting eagerly injected into a currently created BeanPostProcessor [jobRegistryBeanPostProcessor]? Check the corresponding BeanPostProcessor declaration and its dependencies.
21:22:17.512 [main              ] WARN  ationDelegate$BeanPostProcessorChecker : Bean 'entityManagerFactoryBuilder' of type [org.springframework.boot.orm.jpa.EntityManagerFactoryBuilder] is not eligible for getting processed by all BeanPostProcessors (for example: not eligible for auto-proxying). Is this bean getting eagerly injected into a currently created BeanPostProcessor [jobRegistryBeanPostProcessor]? Check the corresponding BeanPostProcessor declaration and its dependencies.
21:22:17.521 [main              ] WARN  ationDelegate$BeanPostProcessorChecker : Bean 'persistenceManagedTypes' of type [org.springframework.orm.jpa.persistenceunit.SimplePersistenceManagedTypes] is not eligible for getting processed by all BeanPostProcessors (for example: not eligible for auto-proxying). Is this bean getting eagerly injected into a currently created BeanPostProcessor [jobRegistryBeanPostProcessor]? Check the corresponding BeanPostProcessor declaration and its dependencies.
21:22:17.628 [main              ] INFO  LogHelper                              : HHH000204: Processing PersistenceUnitInfo [name: default]
21:22:17.747 [main              ] INFO  Version                                : HHH000412: Hibernate ORM core version 6.3.1.Final
21:22:17.837 [main              ] INFO  RegionFactoryInitiator                 : HHH000026: Second-level cache disabled
21:22:18.189 [main              ] INFO  SpringPersistenceUnitInfo              : No LoadTimeWeaver setup: ignoring JPA class transformer
21:22:19.472 [main              ] INFO  JtaPlatformInitiator                   : HHH000489: No JTA platform available (set 'hibernate.transaction.jta.platform' to enable JTA platform integration)
21:22:19.547 [main              ] INFO  LocalContainerEntityManagerFactoryBean : Initialized JPA EntityManagerFactory for persistence unit 'default'
21:22:19.551 [main              ] WARN  ationDelegate$BeanPostProcessorChecker : Bean 'entityManagerFactory' of type [org.springframework.orm.jpa.LocalContainerEntityManagerFactoryBean] is not eligible for getting processed by all BeanPostProcessors (for example: not eligible for auto-proxying). Is this bean getting eagerly injected into a currently created BeanPostProcessor [jobRegistryBeanPostProcessor]? Check the corresponding BeanPostProcessor declaration and its dependencies.
21:22:19.551 [main              ] WARN  ationDelegate$BeanPostProcessorChecker : Bean 'entityManagerFactory' of type [jdk.proxy2.$Proxy88] is not eligible for getting processed by all BeanPostProcessors (for example: not eligible for auto-proxying). Is this bean getting eagerly injected into a currently created BeanPostProcessor [jobRegistryBeanPostProcessor]? Check the corresponding BeanPostProcessor declaration and its dependencies.
21:22:19.553 [main              ] WARN  ationDelegate$BeanPostProcessorChecker : Bean 'transactionManager' of type [org.springframework.orm.jpa.JpaTransactionManager] is not eligible for getting processed by all BeanPostProcessors (for example: not eligible for auto-proxying). Is this bean getting eagerly injected into a currently created BeanPostProcessor [jobRegistryBeanPostProcessor]? Check the corresponding BeanPostProcessor declaration and its dependencies.
21:22:19.559 [main              ] WARN  ationDelegate$BeanPostProcessorChecker : Bean 'org.springframework.boot.autoconfigure.batch.BatchAutoConfiguration$SpringBootBatchConfiguration' of type [org.springframework.boot.autoconfigure.batch.BatchAutoConfiguration$SpringBootBatchConfiguration] is not eligible for getting processed by all BeanPostProcessors (for example: not eligible for auto-proxying). The currently created BeanPostProcessor [jobRegistryBeanPostProcessor] is declared through a non-static factory method on that class; consider declaring it as static instead.
21:22:19.768 [main              ] INFO  EscaladoConfig                         : Pool de particiones: core=4 max=8 cola=16 | particiones configuradas=4
21:22:19.947 [main              ] INFO  BatchMigrationApplication              : Started BatchMigrationApplication in 5.26 seconds (process running for 5.899)
21:22:20.070 [main              ] INFO  SimpleJobLauncher                      : Job: [SimpleJob: [name=jobReporteTransaccionesDiarias]] launched with the following parameters: [{'particiones':'{value=4, type=class java.lang.Long, identifying=true}','chunkSize':'{value=50, type=class java.lang.Long, identifying=true}','ejecucion':'{value=1789435339949, type=class java.lang.Long, identifying=true}'}]
21:22:20.100 [main              ] INFO  MetricasJobListener                    : ================================================================================================
21:22:20.100 [main              ] INFO  MetricasJobListener                    : INICIO JOB: jobReporteTransaccionesDiarias  | parametros: {'particiones':'{value=4, type=class java.lang.Long, identifying=true}','chunkSize':'{value=50, type=class java.lang.Long, identifying=true}','ejecucion':'{value=1789435339949, type=class java.lang.Long, identifying=true}'}
21:22:20.101 [main              ] INFO  MetricasJobListener                    : ================================================================================================
21:22:20.111 [main              ] INFO  SimpleStepHandler                      : Executing step: [stepLimpiarErroresTransacciones]
21:22:20.131 [main              ] INFO  LimpiezaTasklet                        : Limpieza previa: 0 filas eliminadas de (ninguna tabla de detalle) y 215 errores previos de jobReporteTransaccionesDiarias.
21:22:20.138 [main              ] INFO  AbstractStep                           : Step: [stepLimpiarErroresTransacciones] executed in 25ms
21:22:20.148 [main              ] INFO  SimpleStepHandler                      : Executing step: [stepCargaTransaccionesMaestro]
21:22:20.156 [main              ] INFO  RangoLineasPartitioner                 : particion-0 -> salta 1 lineas y procesa 250 filas de transacciones.csv
21:22:20.156 [main              ] INFO  RangoLineasPartitioner                 : particion-1 -> salta 251 lineas y procesa 250 filas de transacciones.csv
21:22:20.157 [main              ] INFO  RangoLineasPartitioner                 : particion-2 -> salta 501 lineas y procesa 250 filas de transacciones.csv
21:22:20.157 [main              ] INFO  RangoLineasPartitioner                 : particion-3 -> salta 751 lineas y procesa 250 filas de transacciones.csv
21:22:21.062 [particion-4       ] INFO  AbstractStep                           : Step: [stepCargaTransacciones:particion-2] executed in 886ms
21:22:21.063 [particion-1       ] INFO  AbstractStep                           : Step: [stepCargaTransacciones:particion-1] executed in 888ms
21:22:21.104 [particion-3       ] INFO  AbstractStep                           : Step: [stepCargaTransacciones:particion-0] executed in 929ms
21:22:21.120 [particion-2       ] INFO  AbstractStep                           : Step: [stepCargaTransacciones:particion-3] executed in 944ms
21:22:21.122 [main              ] INFO  AbstractStep                           : Step: [stepCargaTransaccionesMaestro] executed in 974ms
21:22:21.128 [main              ] INFO  SimpleStepHandler                      : Executing step: [stepResumenDiario]
21:22:21.138 [main              ] INFO  AgregacionTasklet                      : Resumen diario de transacciones: se eliminaron 322 filas previas y se generaron 322 filas de resumen.
21:22:21.142 [main              ] INFO  AbstractStep                           : Step: [stepResumenDiario] executed in 13ms
21:22:21.144 [main              ] INFO  MetricasJobListener                    : ================================================================================================
21:22:21.144 [main              ] INFO  MetricasJobListener                    : FIN JOB: jobReporteTransaccionesDiarias  | estado: COMPLETED  | duracion: 1053 ms
21:22:21.144 [main              ] INFO  MetricasJobListener                    : ------------------------------------------------------------------------------------------------
21:22:21.144 [main              ] INFO  MetricasJobListener                    : STEP                                 LEIDAS ESCRITAS   SKIP-L   SKIP-P   SKIP-E
21:22:21.145 [main              ] INFO  MetricasJobListener                    : stepCargaTransacciones:particion-0      250      210        0       40        0
21:22:21.145 [main              ] INFO  MetricasJobListener                    : stepCargaTransacciones:particion-1      250      185        0       65        0
21:22:21.145 [main              ] INFO  MetricasJobListener                    : stepCargaTransacciones:particion-2      250      197        0       53        0
21:22:21.146 [main              ] INFO  MetricasJobListener                    : stepCargaTransacciones:particion-3      250      193        0       57        0
21:22:21.146 [main              ] INFO  MetricasJobListener                    : stepCargaTransaccionesMaestro          1000      785        0      215        0
21:22:21.148 [main              ] INFO  MetricasJobListener                    : stepLimpiarErroresTransacciones           0        0        0        0        0
21:22:21.148 [main              ] INFO  MetricasJobListener                    : stepResumenDiario                         0      322        0        0        0
21:22:21.149 [main              ] INFO  MetricasJobListener                    : ------------------------------------------------------------------------------------------------
21:22:21.149 [main              ] INFO  MetricasJobListener                    : TOTAL leidas=1000  escritas=1107  descartadas=215  (steps ejecutados: 7)
21:22:21.149 [main              ] INFO  MetricasJobListener                    : ================================================================================================
21:22:21.151 [main              ] INFO  SimpleJobLauncher                      : Job: [SimpleJob: [name=jobReporteTransaccionesDiarias]] completed with the following parameters: [{'particiones':'{value=4, type=class java.lang.Long, identifying=true}','chunkSize':'{value=50, type=class java.lang.Long, identifying=true}','ejecucion':'{value=1789435339949, type=class java.lang.Long, identifying=true}'}] and the following status: [COMPLETED] in 1s53ms
21:22:21.156 [main              ] INFO  SimpleJobLauncher                      : Job: [SimpleJob: [name=jobCalculoInteresesMensuales]] launched with the following parameters: [{'particiones':'{value=4, type=class java.lang.Long, identifying=true}','chunkSize':'{value=50, type=class java.lang.Long, identifying=true}','ejecucion':'{value=1789435341151, type=class java.lang.Long, identifying=true}'}]
21:22:21.158 [main              ] INFO  MetricasJobListener                    : ================================================================================================
21:22:21.158 [main              ] INFO  MetricasJobListener                    : INICIO JOB: jobCalculoInteresesMensuales  | parametros: {'particiones':'{value=4, type=class java.lang.Long, identifying=true}','chunkSize':'{value=50, type=class java.lang.Long, identifying=true}','ejecucion':'{value=1789435341151, type=class java.lang.Long, identifying=true}'}
21:22:21.158 [main              ] INFO  MetricasJobListener                    : ================================================================================================
21:22:21.161 [main              ] INFO  SimpleStepHandler                      : Executing step: [stepLimpiarIntereses]
21:22:21.169 [main              ] INFO  LimpiezaTasklet                        : Limpieza previa: 526 filas eliminadas de intereses_calculados y 474 errores previos de jobCalculoInteresesMensuales.
21:22:21.173 [main              ] INFO  AbstractStep                           : Step: [stepLimpiarIntereses] executed in 12ms
21:22:21.178 [main              ] INFO  SimpleStepHandler                      : Executing step: [stepCargaInteresesMaestro]
21:22:21.182 [main              ] INFO  RangoLineasPartitioner                 : particion-0 -> salta 1 lineas y procesa 250 filas de intereses.csv
21:22:21.182 [main              ] INFO  RangoLineasPartitioner                 : particion-1 -> salta 251 lineas y procesa 250 filas de intereses.csv
21:22:21.182 [main              ] INFO  RangoLineasPartitioner                 : particion-2 -> salta 501 lineas y procesa 250 filas de intereses.csv
21:22:21.182 [main              ] INFO  RangoLineasPartitioner                 : particion-3 -> salta 751 lineas y procesa 250 filas de intereses.csv
21:22:21.573 [particion-1       ] INFO  AbstractStep                           : Step: [stepCargaIntereses:particion-2] executed in 386ms
21:22:21.575 [particion-3       ] INFO  AbstractStep                           : Step: [stepCargaIntereses:particion-3] executed in 387ms
21:22:21.575 [particion-4       ] INFO  AbstractStep                           : Step: [stepCargaIntereses:particion-0] executed in 388ms
21:22:21.592 [particion-2       ] INFO  AbstractStep                           : Step: [stepCargaIntereses:particion-1] executed in 405ms
21:22:21.593 [main              ] INFO  AbstractStep                           : Step: [stepCargaInteresesMaestro] executed in 415ms
21:22:21.598 [main              ] INFO  SimpleStepHandler                      : Executing step: [stepActualizarCuentas]
21:22:21.604 [main              ] INFO  AgregacionTasklet                      : Consolidacion de saldos por cuenta: se eliminaron 50 filas previas y se generaron 50 filas de resumen.
21:22:21.607 [main              ] INFO  AbstractStep                           : Step: [stepActualizarCuentas] executed in 9ms
21:22:21.609 [main              ] INFO  MetricasJobListener                    : ================================================================================================
21:22:21.609 [main              ] INFO  MetricasJobListener                    : FIN JOB: jobCalculoInteresesMensuales  | estado: COMPLETED  | duracion: 453 ms
21:22:21.609 [main              ] INFO  MetricasJobListener                    : ------------------------------------------------------------------------------------------------
21:22:21.609 [main              ] INFO  MetricasJobListener                    : STEP                                 LEIDAS ESCRITAS   SKIP-L   SKIP-P   SKIP-E
21:22:21.609 [main              ] INFO  MetricasJobListener                    : stepActualizarCuentas                     0       50        0        0        0
21:22:21.609 [main              ] INFO  MetricasJobListener                    : stepCargaIntereses:particion-0          250      139        0      111        0
21:22:21.609 [main              ] INFO  MetricasJobListener                    : stepCargaIntereses:particion-1          250      120        0      130        0
21:22:21.610 [main              ] INFO  MetricasJobListener                    : stepCargaIntereses:particion-2          250      136        0      114        0
21:22:21.610 [main              ] INFO  MetricasJobListener                    : stepCargaIntereses:particion-3          250      131        0      119        0
21:22:21.610 [main              ] INFO  MetricasJobListener                    : stepCargaInteresesMaestro              1000      526        0      474        0
21:22:21.610 [main              ] INFO  MetricasJobListener                    : stepLimpiarIntereses                      0        0        0        0        0
21:22:21.610 [main              ] INFO  MetricasJobListener                    : ------------------------------------------------------------------------------------------------
21:22:21.610 [main              ] INFO  MetricasJobListener                    : TOTAL leidas=1000  escritas=576  descartadas=474  (steps ejecutados: 7)
21:22:21.610 [main              ] INFO  MetricasJobListener                    : ================================================================================================
21:22:21.612 [main              ] INFO  SimpleJobLauncher                      : Job: [SimpleJob: [name=jobCalculoInteresesMensuales]] completed with the following parameters: [{'particiones':'{value=4, type=class java.lang.Long, identifying=true}','chunkSize':'{value=50, type=class java.lang.Long, identifying=true}','ejecucion':'{value=1789435341151, type=class java.lang.Long, identifying=true}'}] and the following status: [COMPLETED] in 453ms
21:22:21.617 [main              ] INFO  SimpleJobLauncher                      : Job: [SimpleJob: [name=jobEstadosCuentaAnuales]] launched with the following parameters: [{'particiones':'{value=4, type=class java.lang.Long, identifying=true}','chunkSize':'{value=50, type=class java.lang.Long, identifying=true}','ejecucion':'{value=1789435341612, type=class java.lang.Long, identifying=true}'}]
21:22:21.619 [main              ] INFO  MetricasJobListener                    : ================================================================================================
21:22:21.619 [main              ] INFO  MetricasJobListener                    : INICIO JOB: jobEstadosCuentaAnuales  | parametros: {'particiones':'{value=4, type=class java.lang.Long, identifying=true}','chunkSize':'{value=50, type=class java.lang.Long, identifying=true}','ejecucion':'{value=1789435341612, type=class java.lang.Long, identifying=true}'}
21:22:21.619 [main              ] INFO  MetricasJobListener                    : ================================================================================================
21:22:21.621 [main              ] INFO  SimpleStepHandler                      : Executing step: [stepLimpiarMovimientos]
21:22:21.625 [main              ] INFO  LimpiezaTasklet                        : Limpieza previa: 952 filas eliminadas de movimientos_anuales y 48 errores previos de jobEstadosCuentaAnuales.
21:22:21.628 [main              ] INFO  AbstractStep                           : Step: [stepLimpiarMovimientos] executed in 6ms
21:22:21.632 [main              ] INFO  SimpleStepHandler                      : Executing step: [stepCargaMovimientosMaestro]
21:22:21.635 [main              ] INFO  RangoLineasPartitioner                 : particion-0 -> salta 1 lineas y procesa 250 filas de cuentas_anuales.csv
21:22:21.635 [main              ] INFO  RangoLineasPartitioner                 : particion-1 -> salta 251 lineas y procesa 250 filas de cuentas_anuales.csv
21:22:21.635 [main              ] INFO  RangoLineasPartitioner                 : particion-2 -> salta 501 lineas y procesa 250 filas de cuentas_anuales.csv
21:22:21.635 [main              ] INFO  RangoLineasPartitioner                 : particion-3 -> salta 751 lineas y procesa 250 filas de cuentas_anuales.csv
21:22:21.854 [particion-4       ] INFO  AbstractStep                           : Step: [stepCargaMovimientos:particion-1] executed in 215ms
21:22:21.855 [particion-1       ] INFO  AbstractStep                           : Step: [stepCargaMovimientos:particion-0] executed in 216ms
21:22:21.865 [particion-3       ] INFO  AbstractStep                           : Step: [stepCargaMovimientos:particion-2] executed in 226ms
21:22:21.869 [particion-2       ] INFO  AbstractStep                           : Step: [stepCargaMovimientos:particion-3] executed in 230ms
21:22:21.871 [main              ] INFO  AbstractStep                           : Step: [stepCargaMovimientosMaestro] executed in 239ms
21:22:21.875 [main              ] INFO  SimpleStepHandler                      : Executing step: [stepEstadoCuentaAnual]
21:22:21.882 [main              ] INFO  AgregacionTasklet                      : Estados de cuenta anuales: se eliminaron 20 filas previas y se generaron 20 filas de resumen.
21:22:21.885 [main              ] INFO  AbstractStep                           : Step: [stepEstadoCuentaAnual] executed in 10ms
21:22:21.887 [main              ] INFO  MetricasJobListener                    : ================================================================================================
21:22:21.887 [main              ] INFO  MetricasJobListener                    : FIN JOB: jobEstadosCuentaAnuales  | estado: COMPLETED  | duracion: 269 ms
21:22:21.887 [main              ] INFO  MetricasJobListener                    : ------------------------------------------------------------------------------------------------
21:22:21.888 [main              ] INFO  MetricasJobListener                    : STEP                                 LEIDAS ESCRITAS   SKIP-L   SKIP-P   SKIP-E
21:22:21.888 [main              ] INFO  MetricasJobListener                    : stepCargaMovimientos:particion-0        250      240        0       10        0
21:22:21.888 [main              ] INFO  MetricasJobListener                    : stepCargaMovimientos:particion-1        250      236        0       14        0
21:22:21.888 [main              ] INFO  MetricasJobListener                    : stepCargaMovimientos:particion-2        250      239        0       11        0
21:22:21.888 [main              ] INFO  MetricasJobListener                    : stepCargaMovimientos:particion-3        250      237        0       13        0
21:22:21.888 [main              ] INFO  MetricasJobListener                    : stepCargaMovimientosMaestro            1000      952        0       48        0
21:22:21.889 [main              ] INFO  MetricasJobListener                    : stepEstadoCuentaAnual                     0       20        0        0        0
21:22:21.889 [main              ] INFO  MetricasJobListener                    : stepLimpiarMovimientos                    0        0        0        0        0
21:22:21.889 [main              ] INFO  MetricasJobListener                    : ------------------------------------------------------------------------------------------------
21:22:21.889 [main              ] INFO  MetricasJobListener                    : TOTAL leidas=1000  escritas=972  descartadas=48  (steps ejecutados: 7)
21:22:21.889 [main              ] INFO  MetricasJobListener                    : ================================================================================================
21:22:21.890 [main              ] INFO  SimpleJobLauncher                      : Job: [SimpleJob: [name=jobEstadosCuentaAnuales]] completed with the following parameters: [{'particiones':'{value=4, type=class java.lang.Long, identifying=true}','chunkSize':'{value=50, type=class java.lang.Long, identifying=true}','ejecucion':'{value=1789435341612, type=class java.lang.Long, identifying=true}'}] and the following status: [COMPLETED] in 269ms
21:22:21.899 [main              ] INFO  LocalContainerEntityManagerFactoryBean : Closing JPA EntityManagerFactory for persistence unit 'default'
21:22:21.904 [main              ] INFO  HikariDataSource                       : HikariPool-1 - Shutdown initiated...
21:22:21.908 [main              ] INFO  HikariDataSource                       : HikariPool-1 - Shutdown completed.
